// Vitest Snapshot v1, https://vitest.dev/guide/snapshot.html

exports[`Ddragon champions snapshot testing > championIdEnNameMap snapshot 1`] = `
{
  "1": "Annie",
  "10": "Kayle",
  "101": "Xerath",
  "102": "Shyvana",
  "103": "Ahri",
  "104": "Graves",
  "105": "Fizz",
  "106": "Volibear",
  "107": "Rengar",
  "11": "MasterYi",
  "110": "Varus",
  "111": "Nautilus",
  "112": "Viktor",
  "113": "Sejuani",
  "114": "Fiora",
  "115": "Ziggs",
  "117": "Lulu",
  "119": "Draven",
  "12": "Alistar",
  "120": "Hecarim",
  "121": "Khazix",
  "122": "Darius",
  "126": "Jayce",
  "127": "Lissandra",
  "13": "Ryze",
  "131": "Diana",
  "133": "Quinn",
  "134": "Syndra",
  "136": "AurelionSol",
  "14": "Sion",
  "141": "Kayn",
  "142": "Zoe",
  "143": "Zyra",
  "145": "Kaisa",
  "147": "Seraphine",
  "15": "Sivir",
  "150": "Gnar",
  "154": "Zac",
  "157": "Yasuo",
  "16": "Soraka",
  "161": "Velkoz",
  "163": "Taliyah",
  "164": "Camille",
  "166": "Akshan",
  "17": "Teemo",
  "18": "Tristana",
  "19": "Warwick",
  "2": "Olaf",
  "20": "Nunu",
  "200": "Belveth",
  "201": "Braum",
  "202": "Jhin",
  "203": "Kindred",
  "21": "MissFortune",
  "22": "Ashe",
  "221": "Zeri",
  "222": "Jinx",
  "223": "TahmKench",
  "23": "Tryndamere",
  "233": "Briar",
  "234": "Viego",
  "235": "Senna",
  "236": "Lucian",
  "238": "Zed",
  "24": "Jax",
  "240": "Kled",
  "245": "Ekko",
  "246": "Qiyana",
  "25": "Morgana",
  "254": "Vi",
  "26": "Zilean",
  "266": "Aatrox",
  "267": "Nami",
  "268": "Azir",
  "27": "Singed",
  "28": "Evelynn",
  "29": "Twitch",
  "3": "Galio",
  "30": "Karthus",
  "31": "Chogath",
  "32": "Amumu",
  "33": "Rammus",
  "34": "Anivia",
  "35": "Shaco",
  "350": "Yuumi",
  "36": "DrMundo",
  "360": "Samira",
  "37": "Sona",
  "38": "Kassadin",
  "39": "Irelia",
  "4": "TwistedFate",
  "40": "Janna",
  "41": "Gangplank",
  "412": "Thresh",
  "42": "Corki",
  "420": "Illaoi",
  "421": "RekSai",
  "427": "Ivern",
  "429": "Kalista",
  "43": "Karma",
  "432": "Bard",
  "44": "Taric",
  "45": "Veigar",
  "48": "Trundle",
  "497": "Rakan",
  "498": "Xayah",
  "5": "XinZhao",
  "50": "Swain",
  "51": "Caitlyn",
  "516": "Ornn",
  "517": "Sylas",
  "518": "Neeko",
  "523": "Aphelios",
  "526": "Rell",
  "53": "Blitzcrank",
  "54": "Malphite",
  "55": "Katarina",
  "555": "Pyke",
  "56": "Nocturne",
  "57": "Maokai",
  "58": "Renekton",
  "59": "JarvanIV",
  "6": "Urgot",
  "60": "Elise",
  "61": "Orianna",
  "62": "MonkeyKing",
  "63": "Brand",
  "64": "LeeSin",
  "67": "Vayne",
  "68": "Rumble",
  "69": "Cassiopeia",
  "7": "Leblanc",
  "711": "Vex",
  "72": "Skarner",
  "74": "Heimerdinger",
  "75": "Nasus",
  "76": "Nidalee",
  "77": "Udyr",
  "777": "Yone",
  "78": "Poppy",
  "79": "Gragas",
  "8": "Vladimir",
  "80": "Pantheon",
  "81": "Ezreal",
  "82": "Mordekaiser",
  "83": "Yorick",
  "84": "Akali",
  "85": "Kennen",
  "86": "Garen",
  "875": "Sett",
  "876": "Lillia",
  "887": "Gwen",
  "888": "Renata",
  "89": "Leona",
  "895": "Nilah",
  "897": "KSante",
  "9": "Fiddlesticks",
  "90": "Malzahar",
  "901": "Smolder",
  "902": "Milio",
  "91": "Talon",
  "910": "Hwei",
  "92": "Riven",
  "950": "Naafiri",
  "96": "KogMaw",
  "98": "Shen",
  "99": "Lux",
}
`;

exports[`Ddragon champions snapshot testing > championIdKrNameMap snapshot 1`] = `
{
  "1": "애니",
  "10": "케일",
  "101": "제라스",
  "102": "쉬바나",
  "103": "아리",
  "104": "그레이브즈",
  "105": "피즈",
  "106": "볼리베어",
  "107": "렝가",
  "11": "마스터 이",
  "110": "바루스",
  "111": "노틸러스",
  "112": "빅토르",
  "113": "세주아니",
  "114": "피오라",
  "115": "직스",
  "117": "룰루",
  "119": "드레이븐",
  "12": "알리스타",
  "120": "헤카림",
  "121": "카직스",
  "122": "다리우스",
  "126": "제이스",
  "127": "리산드라",
  "13": "라이즈",
  "131": "다이애나",
  "133": "퀸",
  "134": "신드라",
  "136": "아우렐리온 솔",
  "14": "사이온",
  "141": "케인",
  "142": "조이",
  "143": "자이라",
  "145": "카이사",
  "147": "세라핀",
  "15": "시비르",
  "150": "나르",
  "154": "자크",
  "157": "야스오",
  "16": "소라카",
  "161": "벨코즈",
  "163": "탈리야",
  "164": "카밀",
  "166": "아크샨",
  "17": "티모",
  "18": "트리스타나",
  "19": "워윅",
  "2": "올라프",
  "20": "누누와 윌럼프",
  "200": "벨베스",
  "201": "브라움",
  "202": "진",
  "203": "킨드레드",
  "21": "미스 포츈",
  "22": "애쉬",
  "221": "제리",
  "222": "징크스",
  "223": "탐 켄치",
  "23": "트린다미어",
  "233": "브라이어",
  "234": "비에고",
  "235": "세나",
  "236": "루시안",
  "238": "제드",
  "24": "잭스",
  "240": "클레드",
  "245": "에코",
  "246": "키아나",
  "25": "모르가나",
  "254": "바이",
  "26": "질리언",
  "266": "아트록스",
  "267": "나미",
  "268": "아지르",
  "27": "신지드",
  "28": "이블린",
  "29": "트위치",
  "3": "갈리오",
  "30": "카서스",
  "31": "초가스",
  "32": "아무무",
  "33": "람머스",
  "34": "애니비아",
  "35": "샤코",
  "350": "유미",
  "36": "문도 박사",
  "360": "사미라",
  "37": "소나",
  "38": "카사딘",
  "39": "이렐리아",
  "4": "트위스티드 페이트",
  "40": "잔나",
  "41": "갱플랭크",
  "412": "쓰레쉬",
  "42": "코르키",
  "420": "일라오이",
  "421": "렉사이",
  "427": "아이번",
  "429": "칼리스타",
  "43": "카르마",
  "432": "바드",
  "44": "타릭",
  "45": "베이가",
  "48": "트런들",
  "497": "라칸",
  "498": "자야",
  "5": "신 짜오",
  "50": "스웨인",
  "51": "케이틀린",
  "516": "오른",
  "517": "사일러스",
  "518": "니코",
  "523": "아펠리오스",
  "526": "렐",
  "53": "블리츠크랭크",
  "54": "말파이트",
  "55": "카타리나",
  "555": "파이크",
  "56": "녹턴",
  "57": "마오카이",
  "58": "레넥톤",
  "59": "자르반 4세",
  "6": "우르곳",
  "60": "엘리스",
  "61": "오리아나",
  "62": "오공",
  "63": "브랜드",
  "64": "리 신",
  "67": "베인",
  "68": "럼블",
  "69": "카시오페아",
  "7": "르블랑",
  "711": "벡스",
  "72": "스카너",
  "74": "하이머딩거",
  "75": "나서스",
  "76": "니달리",
  "77": "우디르",
  "777": "요네",
  "78": "뽀삐",
  "79": "그라가스",
  "8": "블라디미르",
  "80": "판테온",
  "81": "이즈리얼",
  "82": "모데카이저",
  "83": "요릭",
  "84": "아칼리",
  "85": "케넨",
  "86": "가렌",
  "875": "세트",
  "876": "릴리아",
  "887": "그웬",
  "888": "레나타 글라스크",
  "89": "레오나",
  "895": "닐라",
  "897": "크산테",
  "9": "피들스틱",
  "90": "말자하",
  "901": "스몰더",
  "902": "밀리오",
  "91": "탈론",
  "910": "흐웨이",
  "92": "리븐",
  "950": "나피리",
  "96": "코그모",
  "98": "쉔",
  "99": "럭스",
}
`;

exports[`Ddragon champions snapshot testing > champions snapshot 1`] = `
[
  {
    "championId": 266,
    "enName": "Aatrox",
    "krName": "아트록스",
  },
  {
    "championId": 103,
    "enName": "Ahri",
    "krName": "아리",
  },
  {
    "championId": 84,
    "enName": "Akali",
    "krName": "아칼리",
  },
  {
    "championId": 166,
    "enName": "Akshan",
    "krName": "아크샨",
  },
  {
    "championId": 12,
    "enName": "Alistar",
    "krName": "알리스타",
  },
  {
    "championId": 32,
    "enName": "Amumu",
    "krName": "아무무",
  },
  {
    "championId": 34,
    "enName": "Anivia",
    "krName": "애니비아",
  },
  {
    "championId": 1,
    "enName": "Annie",
    "krName": "애니",
  },
  {
    "championId": 523,
    "enName": "Aphelios",
    "krName": "아펠리오스",
  },
  {
    "championId": 22,
    "enName": "Ashe",
    "krName": "애쉬",
  },
  {
    "championId": 136,
    "enName": "AurelionSol",
    "krName": "아우렐리온 솔",
  },
  {
    "championId": 268,
    "enName": "Azir",
    "krName": "아지르",
  },
  {
    "championId": 432,
    "enName": "Bard",
    "krName": "바드",
  },
  {
    "championId": 200,
    "enName": "Belveth",
    "krName": "벨베스",
  },
  {
    "championId": 53,
    "enName": "Blitzcrank",
    "krName": "블리츠크랭크",
  },
  {
    "championId": 63,
    "enName": "Brand",
    "krName": "브랜드",
  },
  {
    "championId": 201,
    "enName": "Braum",
    "krName": "브라움",
  },
  {
    "championId": 233,
    "enName": "Briar",
    "krName": "브라이어",
  },
  {
    "championId": 51,
    "enName": "Caitlyn",
    "krName": "케이틀린",
  },
  {
    "championId": 164,
    "enName": "Camille",
    "krName": "카밀",
  },
  {
    "championId": 69,
    "enName": "Cassiopeia",
    "krName": "카시오페아",
  },
  {
    "championId": 31,
    "enName": "Chogath",
    "krName": "초가스",
  },
  {
    "championId": 42,
    "enName": "Corki",
    "krName": "코르키",
  },
  {
    "championId": 122,
    "enName": "Darius",
    "krName": "다리우스",
  },
  {
    "championId": 131,
    "enName": "Diana",
    "krName": "다이애나",
  },
  {
    "championId": 119,
    "enName": "Draven",
    "krName": "드레이븐",
  },
  {
    "championId": 36,
    "enName": "DrMundo",
    "krName": "문도 박사",
  },
  {
    "championId": 245,
    "enName": "Ekko",
    "krName": "에코",
  },
  {
    "championId": 60,
    "enName": "Elise",
    "krName": "엘리스",
  },
  {
    "championId": 28,
    "enName": "Evelynn",
    "krName": "이블린",
  },
  {
    "championId": 81,
    "enName": "Ezreal",
    "krName": "이즈리얼",
  },
  {
    "championId": 9,
    "enName": "Fiddlesticks",
    "krName": "피들스틱",
  },
  {
    "championId": 114,
    "enName": "Fiora",
    "krName": "피오라",
  },
  {
    "championId": 105,
    "enName": "Fizz",
    "krName": "피즈",
  },
  {
    "championId": 3,
    "enName": "Galio",
    "krName": "갈리오",
  },
  {
    "championId": 41,
    "enName": "Gangplank",
    "krName": "갱플랭크",
  },
  {
    "championId": 86,
    "enName": "Garen",
    "krName": "가렌",
  },
  {
    "championId": 150,
    "enName": "Gnar",
    "krName": "나르",
  },
  {
    "championId": 79,
    "enName": "Gragas",
    "krName": "그라가스",
  },
  {
    "championId": 104,
    "enName": "Graves",
    "krName": "그레이브즈",
  },
  {
    "championId": 887,
    "enName": "Gwen",
    "krName": "그웬",
  },
  {
    "championId": 120,
    "enName": "Hecarim",
    "krName": "헤카림",
  },
  {
    "championId": 74,
    "enName": "Heimerdinger",
    "krName": "하이머딩거",
  },
  {
    "championId": 910,
    "enName": "Hwei",
    "krName": "흐웨이",
  },
  {
    "championId": 420,
    "enName": "Illaoi",
    "krName": "일라오이",
  },
  {
    "championId": 39,
    "enName": "Irelia",
    "krName": "이렐리아",
  },
  {
    "championId": 427,
    "enName": "Ivern",
    "krName": "아이번",
  },
  {
    "championId": 40,
    "enName": "Janna",
    "krName": "잔나",
  },
  {
    "championId": 59,
    "enName": "JarvanIV",
    "krName": "자르반 4세",
  },
  {
    "championId": 24,
    "enName": "Jax",
    "krName": "잭스",
  },
  {
    "championId": 126,
    "enName": "Jayce",
    "krName": "제이스",
  },
  {
    "championId": 202,
    "enName": "Jhin",
    "krName": "진",
  },
  {
    "championId": 222,
    "enName": "Jinx",
    "krName": "징크스",
  },
  {
    "championId": 145,
    "enName": "Kaisa",
    "krName": "카이사",
  },
  {
    "championId": 429,
    "enName": "Kalista",
    "krName": "칼리스타",
  },
  {
    "championId": 43,
    "enName": "Karma",
    "krName": "카르마",
  },
  {
    "championId": 30,
    "enName": "Karthus",
    "krName": "카서스",
  },
  {
    "championId": 38,
    "enName": "Kassadin",
    "krName": "카사딘",
  },
  {
    "championId": 55,
    "enName": "Katarina",
    "krName": "카타리나",
  },
  {
    "championId": 10,
    "enName": "Kayle",
    "krName": "케일",
  },
  {
    "championId": 141,
    "enName": "Kayn",
    "krName": "케인",
  },
  {
    "championId": 85,
    "enName": "Kennen",
    "krName": "케넨",
  },
  {
    "championId": 121,
    "enName": "Khazix",
    "krName": "카직스",
  },
  {
    "championId": 203,
    "enName": "Kindred",
    "krName": "킨드레드",
  },
  {
    "championId": 240,
    "enName": "Kled",
    "krName": "클레드",
  },
  {
    "championId": 96,
    "enName": "KogMaw",
    "krName": "코그모",
  },
  {
    "championId": 897,
    "enName": "KSante",
    "krName": "크산테",
  },
  {
    "championId": 7,
    "enName": "Leblanc",
    "krName": "르블랑",
  },
  {
    "championId": 64,
    "enName": "LeeSin",
    "krName": "리 신",
  },
  {
    "championId": 89,
    "enName": "Leona",
    "krName": "레오나",
  },
  {
    "championId": 876,
    "enName": "Lillia",
    "krName": "릴리아",
  },
  {
    "championId": 127,
    "enName": "Lissandra",
    "krName": "리산드라",
  },
  {
    "championId": 236,
    "enName": "Lucian",
    "krName": "루시안",
  },
  {
    "championId": 117,
    "enName": "Lulu",
    "krName": "룰루",
  },
  {
    "championId": 99,
    "enName": "Lux",
    "krName": "럭스",
  },
  {
    "championId": 54,
    "enName": "Malphite",
    "krName": "말파이트",
  },
  {
    "championId": 90,
    "enName": "Malzahar",
    "krName": "말자하",
  },
  {
    "championId": 57,
    "enName": "Maokai",
    "krName": "마오카이",
  },
  {
    "championId": 11,
    "enName": "MasterYi",
    "krName": "마스터 이",
  },
  {
    "championId": 902,
    "enName": "Milio",
    "krName": "밀리오",
  },
  {
    "championId": 21,
    "enName": "MissFortune",
    "krName": "미스 포츈",
  },
  {
    "championId": 62,
    "enName": "MonkeyKing",
    "krName": "오공",
  },
  {
    "championId": 82,
    "enName": "Mordekaiser",
    "krName": "모데카이저",
  },
  {
    "championId": 25,
    "enName": "Morgana",
    "krName": "모르가나",
  },
  {
    "championId": 950,
    "enName": "Naafiri",
    "krName": "나피리",
  },
  {
    "championId": 267,
    "enName": "Nami",
    "krName": "나미",
  },
  {
    "championId": 75,
    "enName": "Nasus",
    "krName": "나서스",
  },
  {
    "championId": 111,
    "enName": "Nautilus",
    "krName": "노틸러스",
  },
  {
    "championId": 518,
    "enName": "Neeko",
    "krName": "니코",
  },
  {
    "championId": 76,
    "enName": "Nidalee",
    "krName": "니달리",
  },
  {
    "championId": 895,
    "enName": "Nilah",
    "krName": "닐라",
  },
  {
    "championId": 56,
    "enName": "Nocturne",
    "krName": "녹턴",
  },
  {
    "championId": 20,
    "enName": "Nunu",
    "krName": "누누와 윌럼프",
  },
  {
    "championId": 2,
    "enName": "Olaf",
    "krName": "올라프",
  },
  {
    "championId": 61,
    "enName": "Orianna",
    "krName": "오리아나",
  },
  {
    "championId": 516,
    "enName": "Ornn",
    "krName": "오른",
  },
  {
    "championId": 80,
    "enName": "Pantheon",
    "krName": "판테온",
  },
  {
    "championId": 78,
    "enName": "Poppy",
    "krName": "뽀삐",
  },
  {
    "championId": 555,
    "enName": "Pyke",
    "krName": "파이크",
  },
  {
    "championId": 246,
    "enName": "Qiyana",
    "krName": "키아나",
  },
  {
    "championId": 133,
    "enName": "Quinn",
    "krName": "퀸",
  },
  {
    "championId": 497,
    "enName": "Rakan",
    "krName": "라칸",
  },
  {
    "championId": 33,
    "enName": "Rammus",
    "krName": "람머스",
  },
  {
    "championId": 421,
    "enName": "RekSai",
    "krName": "렉사이",
  },
  {
    "championId": 526,
    "enName": "Rell",
    "krName": "렐",
  },
  {
    "championId": 888,
    "enName": "Renata",
    "krName": "레나타 글라스크",
  },
  {
    "championId": 58,
    "enName": "Renekton",
    "krName": "레넥톤",
  },
  {
    "championId": 107,
    "enName": "Rengar",
    "krName": "렝가",
  },
  {
    "championId": 92,
    "enName": "Riven",
    "krName": "리븐",
  },
  {
    "championId": 68,
    "enName": "Rumble",
    "krName": "럼블",
  },
  {
    "championId": 13,
    "enName": "Ryze",
    "krName": "라이즈",
  },
  {
    "championId": 360,
    "enName": "Samira",
    "krName": "사미라",
  },
  {
    "championId": 113,
    "enName": "Sejuani",
    "krName": "세주아니",
  },
  {
    "championId": 235,
    "enName": "Senna",
    "krName": "세나",
  },
  {
    "championId": 147,
    "enName": "Seraphine",
    "krName": "세라핀",
  },
  {
    "championId": 875,
    "enName": "Sett",
    "krName": "세트",
  },
  {
    "championId": 35,
    "enName": "Shaco",
    "krName": "샤코",
  },
  {
    "championId": 98,
    "enName": "Shen",
    "krName": "쉔",
  },
  {
    "championId": 102,
    "enName": "Shyvana",
    "krName": "쉬바나",
  },
  {
    "championId": 27,
    "enName": "Singed",
    "krName": "신지드",
  },
  {
    "championId": 14,
    "enName": "Sion",
    "krName": "사이온",
  },
  {
    "championId": 15,
    "enName": "Sivir",
    "krName": "시비르",
  },
  {
    "championId": 72,
    "enName": "Skarner",
    "krName": "스카너",
  },
  {
    "championId": 901,
    "enName": "Smolder",
    "krName": "스몰더",
  },
  {
    "championId": 37,
    "enName": "Sona",
    "krName": "소나",
  },
  {
    "championId": 16,
    "enName": "Soraka",
    "krName": "소라카",
  },
  {
    "championId": 50,
    "enName": "Swain",
    "krName": "스웨인",
  },
  {
    "championId": 517,
    "enName": "Sylas",
    "krName": "사일러스",
  },
  {
    "championId": 134,
    "enName": "Syndra",
    "krName": "신드라",
  },
  {
    "championId": 223,
    "enName": "TahmKench",
    "krName": "탐 켄치",
  },
  {
    "championId": 163,
    "enName": "Taliyah",
    "krName": "탈리야",
  },
  {
    "championId": 91,
    "enName": "Talon",
    "krName": "탈론",
  },
  {
    "championId": 44,
    "enName": "Taric",
    "krName": "타릭",
  },
  {
    "championId": 17,
    "enName": "Teemo",
    "krName": "티모",
  },
  {
    "championId": 412,
    "enName": "Thresh",
    "krName": "쓰레쉬",
  },
  {
    "championId": 18,
    "enName": "Tristana",
    "krName": "트리스타나",
  },
  {
    "championId": 48,
    "enName": "Trundle",
    "krName": "트런들",
  },
  {
    "championId": 23,
    "enName": "Tryndamere",
    "krName": "트린다미어",
  },
  {
    "championId": 4,
    "enName": "TwistedFate",
    "krName": "트위스티드 페이트",
  },
  {
    "championId": 29,
    "enName": "Twitch",
    "krName": "트위치",
  },
  {
    "championId": 77,
    "enName": "Udyr",
    "krName": "우디르",
  },
  {
    "championId": 6,
    "enName": "Urgot",
    "krName": "우르곳",
  },
  {
    "championId": 110,
    "enName": "Varus",
    "krName": "바루스",
  },
  {
    "championId": 67,
    "enName": "Vayne",
    "krName": "베인",
  },
  {
    "championId": 45,
    "enName": "Veigar",
    "krName": "베이가",
  },
  {
    "championId": 161,
    "enName": "Velkoz",
    "krName": "벨코즈",
  },
  {
    "championId": 711,
    "enName": "Vex",
    "krName": "벡스",
  },
  {
    "championId": 254,
    "enName": "Vi",
    "krName": "바이",
  },
  {
    "championId": 234,
    "enName": "Viego",
    "krName": "비에고",
  },
  {
    "championId": 112,
    "enName": "Viktor",
    "krName": "빅토르",
  },
  {
    "championId": 8,
    "enName": "Vladimir",
    "krName": "블라디미르",
  },
  {
    "championId": 106,
    "enName": "Volibear",
    "krName": "볼리베어",
  },
  {
    "championId": 19,
    "enName": "Warwick",
    "krName": "워윅",
  },
  {
    "championId": 498,
    "enName": "Xayah",
    "krName": "자야",
  },
  {
    "championId": 101,
    "enName": "Xerath",
    "krName": "제라스",
  },
  {
    "championId": 5,
    "enName": "XinZhao",
    "krName": "신 짜오",
  },
  {
    "championId": 157,
    "enName": "Yasuo",
    "krName": "야스오",
  },
  {
    "championId": 777,
    "enName": "Yone",
    "krName": "요네",
  },
  {
    "championId": 83,
    "enName": "Yorick",
    "krName": "요릭",
  },
  {
    "championId": 350,
    "enName": "Yuumi",
    "krName": "유미",
  },
  {
    "championId": 154,
    "enName": "Zac",
    "krName": "자크",
  },
  {
    "championId": 238,
    "enName": "Zed",
    "krName": "제드",
  },
  {
    "championId": 221,
    "enName": "Zeri",
    "krName": "제리",
  },
  {
    "championId": 115,
    "enName": "Ziggs",
    "krName": "직스",
  },
  {
    "championId": 26,
    "enName": "Zilean",
    "krName": "질리언",
  },
  {
    "championId": 142,
    "enName": "Zoe",
    "krName": "조이",
  },
  {
    "championId": 143,
    "enName": "Zyra",
    "krName": "자이라",
  },
]
`;
