// Vitest Snapshot v1, https://vitest.dev/guide/snapshot.html

exports[`Ddragon perkInformationList snapshot testing > perkIdImgLinkMap snapshot 1`] = `
{
  "8005": "perk-images/Styles/Precision/PressTheAttack/PressTheAttack.png",
  "8009": "perk-images/Styles/Precision/PresenceOfMind/PresenceOfMind.png",
  "8010": "perk-images/Styles/Precision/Conqueror/Conqueror.png",
  "8014": "perk-images/Styles/Precision/CoupDeGrace/CoupDeGrace.png",
  "8017": "perk-images/Styles/Precision/CutDown/CutDown.png",
  "8021": "perk-images/Styles/Precision/FleetFootwork/FleetFootwork.png",
  "8105": "perk-images/Styles/Domination/RelentlessHunter/RelentlessHunter.png",
  "8106": "perk-images/Styles/Domination/UltimateHunter/UltimateHunter.png",
  "8112": "perk-images/Styles/Domination/Electrocute/Electrocute.png",
  "8120": "perk-images/Styles/Domination/GhostPoro/GhostPoro.png",
  "8126": "perk-images/Styles/Domination/CheapShot/CheapShot.png",
  "8128": "perk-images/Styles/Domination/DarkHarvest/DarkHarvest.png",
  "8135": "perk-images/Styles/Domination/TreasureHunter/TreasureHunter.png",
  "8136": "perk-images/Styles/Domination/ZombieWard/ZombieWard.png",
  "8138": "perk-images/Styles/Domination/EyeballCollection/EyeballCollection.png",
  "8139": "perk-images/Styles/Domination/TasteOfBlood/GreenTerror_TasteOfBlood.png",
  "8143": "perk-images/Styles/Domination/SuddenImpact/SuddenImpact.png",
  "8210": "perk-images/Styles/Sorcery/Transcendence/Transcendence.png",
  "8214": "perk-images/Styles/Sorcery/SummonAery/SummonAery.png",
  "8224": "perk-images/Styles/Sorcery/NullifyingOrb/Pokeshield.png",
  "8226": "perk-images/Styles/Sorcery/ManaflowBand/ManaflowBand.png",
  "8229": "perk-images/Styles/Sorcery/ArcaneComet/ArcaneComet.png",
  "8230": "perk-images/Styles/Sorcery/PhaseRush/PhaseRush.png",
  "8232": "perk-images/Styles/Sorcery/Waterwalking/Waterwalking.png",
  "8233": "perk-images/Styles/Sorcery/AbsoluteFocus/AbsoluteFocus.png",
  "8234": "perk-images/Styles/Sorcery/Celerity/CelerityTemp.png",
  "8236": "perk-images/Styles/Sorcery/GatheringStorm/GatheringStorm.png",
  "8237": "perk-images/Styles/Sorcery/Scorch/Scorch.png",
  "8242": "perk-images/Styles/Sorcery/Unflinching/Unflinching.png",
  "8275": "perk-images/Styles/Sorcery/NimbusCloak/6361.png",
  "8299": "perk-images/Styles/Sorcery/LastStand/LastStand.png",
  "8304": "perk-images/Styles/Inspiration/MagicalFootwear/MagicalFootwear.png",
  "8306": "perk-images/Styles/Inspiration/HextechFlashtraption/HextechFlashtraption.png",
  "8313": "perk-images/Styles/Inspiration/PerfectTiming/AlchemistCabinet.png",
  "8316": "perk-images/Styles/Inspiration/JackOfAllTrades/JackofAllTrades2.png",
  "8321": "perk-images/Styles/Inspiration/CashBack/CashBack2.png",
  "8345": "perk-images/Styles/Inspiration/BiscuitDelivery/BiscuitDelivery.png",
  "8347": "perk-images/Styles/Inspiration/CosmicInsight/CosmicInsight.png",
  "8351": "perk-images/Styles/Inspiration/GlacialAugment/GlacialAugment.png",
  "8352": "perk-images/Styles/Inspiration/TimeWarpTonic/TimeWarpTonic.png",
  "8360": "perk-images/Styles/Inspiration/UnsealedSpellbook/UnsealedSpellbook.png",
  "8369": "perk-images/Styles/Inspiration/FirstStrike/FirstStrike.png",
  "8401": "perk-images/Styles/Resolve/MirrorShell/MirrorShell.png",
  "8410": "perk-images/Styles/Resolve/ApproachVelocity/ApproachVelocity.png",
  "8429": "perk-images/Styles/Resolve/Conditioning/Conditioning.png",
  "8437": "perk-images/Styles/Resolve/GraspOfTheUndying/GraspOfTheUndying.png",
  "8439": "perk-images/Styles/Resolve/VeteranAftershock/VeteranAftershock.png",
  "8444": "perk-images/Styles/Resolve/SecondWind/SecondWind.png",
  "8446": "perk-images/Styles/Resolve/Demolish/Demolish.png",
  "8451": "perk-images/Styles/Resolve/Overgrowth/Overgrowth.png",
  "8453": "perk-images/Styles/Resolve/Revitalize/Revitalize.png",
  "8463": "perk-images/Styles/Resolve/FontOfLife/FontOfLife.png",
  "8465": "perk-images/Styles/Resolve/Guardian/Guardian.png",
  "8473": "perk-images/Styles/Resolve/BonePlating/BonePlating.png",
  "9101": "perk-images/Styles/Precision/AbsorbLife/AbsorbLife.png",
  "9103": "perk-images/Styles/Precision/LegendBloodline/LegendBloodline.png",
  "9104": "perk-images/Styles/Precision/LegendAlacrity/LegendAlacrity.png",
  "9105": "perk-images/Styles/Precision/LegendHaste/LegendHaste.png",
  "9111": "perk-images/Styles/Precision/Triumph.png",
  "9923": "perk-images/Styles/Domination/HailOfBlades/HailOfBlades.png",
}
`;

exports[`Ddragon perkInformationList snapshot testing > perkIdKrNameMap snapshot 1`] = `
{
  "8005": "집중 공격",
  "8009": "침착",
  "8010": "정복자",
  "8014": "최후의 일격",
  "8017": "체력차 극복",
  "8021": "기민한 발놀림",
  "8105": "끈질긴 사냥꾼",
  "8106": "궁극의 사냥꾼",
  "8112": "감전",
  "8120": "유령 포로",
  "8126": "비열한 한 방",
  "8128": "어둠의 수확",
  "8135": "보물 사냥꾼",
  "8136": "좀비 와드",
  "8138": "사냥의 증표",
  "8139": "피의 맛",
  "8143": "돌발 일격",
  "8210": "깨달음",
  "8214": "콩콩이 소환",
  "8224": "무효화 구체",
  "8226": "마나순환 팔찌",
  "8229": "신비로운 유성",
  "8230": "난입",
  "8232": "물 위를 걷는 자",
  "8233": "절대 집중",
  "8234": "기민함",
  "8236": "폭풍의 결집",
  "8237": "주문 작열",
  "8242": "불굴의 의지",
  "8275": "빛의 망토",
  "8299": "최후의 저항",
  "8304": "마법의 신발",
  "8306": "마법공학 점멸기",
  "8313": "삼중 물약",
  "8316": "다재다능",
  "8321": "환급",
  "8345": "비스킷 배달",
  "8347": "우주적 통찰력",
  "8351": "빙결 강화",
  "8352": "시간 왜곡 물약",
  "8360": "봉인 풀린 주문서",
  "8369": "선제공격",
  "8401": "보호막 강타",
  "8410": "쾌속 접근",
  "8429": "사전 준비",
  "8437": "착취의 손아귀",
  "8439": "여진",
  "8444": "재생의 바람",
  "8446": "철거",
  "8451": "과잉성장",
  "8453": "소생",
  "8463": "생명의 샘",
  "8465": "수호자",
  "8473": "뼈 방패",
  "9101": "생명 흡수",
  "9103": "전설: 핏빛 길",
  "9104": "전설: 민첩함",
  "9105": "전설: 가속",
  "9111": "승전보",
  "9923": "칼날비",
}
`;

exports[`Ddragon perkInformationList snapshot testing > perkMap snapshot 1`] = `
{
  "8000": [
    [
      8005,
      8021,
      8010,
    ],
    [
      9101,
      9111,
      8009,
    ],
    [
      9104,
      9105,
      9103,
    ],
    [
      8014,
      8017,
      8299,
    ],
  ],
  "8100": [
    [
      8112,
      8128,
      9923,
    ],
    [
      8126,
      8139,
      8143,
    ],
    [
      8136,
      8120,
      8138,
    ],
    [
      8135,
      8105,
      8106,
    ],
  ],
  "8200": [
    [
      8214,
      8229,
      8230,
    ],
    [
      8224,
      8226,
      8275,
    ],
    [
      8210,
      8234,
      8233,
    ],
    [
      8237,
      8232,
      8236,
    ],
  ],
  "8300": [
    [
      8351,
      8360,
      8369,
    ],
    [
      8306,
      8304,
      8321,
    ],
    [
      8313,
      8352,
      8345,
    ],
    [
      8347,
      8410,
      8316,
    ],
  ],
  "8400": [
    [
      8437,
      8439,
      8465,
    ],
    [
      8446,
      8463,
      8401,
    ],
    [
      8429,
      8444,
      8473,
    ],
    [
      8451,
      8453,
      8242,
    ],
  ],
}
`;

exports[`Ddragon perkInformationList snapshot testing > perkNameMap snapshot 1`] = `
{
  "8000": "정밀",
  "8100": "지배",
  "8200": "마법",
  "8300": "영감",
  "8400": "결의",
}
`;
